#-----------------------------------------------------------
# Vivado v2025.1 (64-bit)
# SW Build 6140274 on Thu May 22 00:12:29 MDT 2025
# IP Build 6138677 on Thu May 22 03:10:11 MDT 2025
# SharedData Build 6139179 on Tue May 20 17:58:58 MDT 2025
# Start of session at: Tue Feb 17 15:12:28 2026
# Process ID         : 23348
# Current directory  : C:/Users/mbracker/Documents/RAPID/RAPID/RAPID
# Command line       : vivado.exe -gui_launcher_event rodinguilauncherevent7636 C:\Users\mbracker\Documents\RAPID\RAPID\RAPID\RAPID.xpr
# Log file           : C:/Users/mbracker/Documents/RAPID/RAPID/RAPID/vivado.log
# Journal file       : C:/Users/mbracker/Documents/RAPID/RAPID/RAPID\vivado.jou
# Running On         : MDD-ECE-785KL84
# Platform           : Windows Server 2016 or Windows 10
# Operating System   : 22631
# Processor Detail   : 13th Gen Intel(R) Core(TM) i7-13700
# CPU Frequency      : 2112 MHz
# CPU Physical cores : 16
# CPU Logical cores  : 24
# Host memory        : 16853 MB
# Swap memory        : 5704 MB
# Total Virtual      : 22558 MB
# Available Virtual  : 4602 MB
#-----------------------------------------------------------
start_gui
open_project C:/Users/mbracker/Documents/RAPID/RAPID/RAPID/RAPID.xpr
WARNING: [Board 49-26] cannot add Board Part xilinx.com:emb-plus-vpr-4616:part0:1.0 available at C:/Xilinx/2025.1/data/xhub/boards\XilinxBoardStore\boards\Xilinx\emb-plus-vpr-4616\1.0\board.xml as part xcve2302-sfva784-2mp-e-s specified in board_part file is either invalid or not available
WARNING: [Board 49-26] cannot add Board Part xilinx.com:emb-plus-vpr-4616:part0:1.1 available at C:/Xilinx/2025.1/data/xhub/boards\XilinxBoardStore\boards\Xilinx\emb-plus-vpr-4616\1.1\board.xml as part xcve2302-sfva784-2mp-e-s specified in board_part file is either invalid or not available
WARNING: [Board 49-26] cannot add Board Part xilinx.com:kcu116:part0:1.4 available at C:/Xilinx/2025.1/data/xhub/boards\XilinxBoardStore\boards\Xilinx\kcu116\1.4\board.xml as part xcku5p-ffvb676-2-e specified in board_part file is either invalid or not available
WARNING: [Board 49-26] cannot add Board Part xilinx.com:kcu116:part0:1.5 available at C:/Xilinx/2025.1/data/xhub/boards\XilinxBoardStore\boards\Xilinx\kcu116\1.5\board.xml as part xcku5p-ffvb676-2-e specified in board_part file is either invalid or not available
WARNING: [Board 49-26] cannot add Board Part xilinx.com:scu35:part0:1.0 available at C:/Xilinx/2025.1/data/xhub/boards\XilinxBoardStore\boards\Xilinx\scu35\1.0\board.xml as part xcsu35p-sbvb625-2-e specified in board_part file is either invalid or not available
WARNING: [Board 49-26] cannot add Board Part xilinx.com:v80:part0:1.0 available at C:/Xilinx/2025.1/data/xhub/boards\XilinxBoardStore\boards\Xilinx\v80\1.0\board.xml as part xcv80-lsva4737-2mhp-e-s specified in board_part file is either invalid or not available
WARNING: [Board 49-26] cannot add Board Part xilinx.com:vck190:part0:2.2 available at C:/Xilinx/2025.1/data/xhub/boards\XilinxBoardStore\boards\Xilinx\vck190\production\2.2\board.xml as part xcvc1902-vsva2197-2mp-e-s specified in board_part file is either invalid or not available
WARNING: [Board 49-26] cannot add Board Part xilinx.com:vck190:part0:3.0 available at C:/Xilinx/2025.1/data/xhub/boards\XilinxBoardStore\boards\Xilinx\vck190\production\3.0\board.xml as part xcvc1902-vsva2197-2mp-e-s specified in board_part file is either invalid or not available
WARNING: [Board 49-26] cannot add Board Part xilinx.com:vck190:part0:3.1 available at C:/Xilinx/2025.1/data/xhub/boards\XilinxBoardStore\boards\Xilinx\vck190\production\3.1\board.xml as part xcvc1902-vsva2197-2mp-e-s specified in board_part file is either invalid or not available
WARNING: [Board 49-26] cannot add Board Part xilinx.com:vck190:part0:3.2 available at C:/Xilinx/2025.1/data/xhub/boards\XilinxBoardStore\boards\Xilinx\vck190\production\3.2\board.xml as part xcvc1902-vsva2197-2mp-e-s specified in board_part file is either invalid or not available
WARNING: [Board 49-26] cannot add Board Part xilinx.com:vck190:part0:3.3 available at C:/Xilinx/2025.1/data/xhub/boards\XilinxBoardStore\boards\Xilinx\vck190\production\3.3\board.xml as part xcvc1902-vsva2197-2mp-e-s specified in board_part file is either invalid or not available
WARNING: [Board 49-26] cannot add Board Part xilinx.com:vck190:part0:3.4 available at C:/Xilinx/2025.1/data/xhub/boards\XilinxBoardStore\boards\Xilinx\vck190\production\3.4\board.xml as part xcvc1902-vsva2197-2mp-e-s specified in board_part file is either invalid or not available
WARNING: [Board 49-26] cannot add Board Part xilinx.com:vck190_newl:part0:1.0 available at C:/Xilinx/2025.1/data/xhub/boards\XilinxBoardStore\boards\Xilinx\vck190_newl\production\1.0\board.xml as part xcvc1902-vsva2197-2mp-e-s specified in board_part file is either invalid or not available
WARNING: [Board 49-26] cannot add Board Part xilinx.com:vck190_newl:part0:1.1 available at C:/Xilinx/2025.1/data/xhub/boards\XilinxBoardStore\boards\Xilinx\vck190_newl\production\1.1\board.xml as part xcvc1902-vsva2197-2mp-e-s specified in board_part file is either invalid or not available
WARNING: [Board 49-26] cannot add Board Part xilinx.com:vck190_newl:part0:1.2 available at C:/Xilinx/2025.1/data/xhub/boards\XilinxBoardStore\boards\Xilinx\vck190_newl\production\1.2\board.xml as part xcvc1902-vsva2197-2mp-e-s specified in board_part file is either invalid or not available
WARNING: [Board 49-26] cannot add Board Part xilinx.com:vck190_newl:part0:1.3 available at C:/Xilinx/2025.1/data/xhub/boards\XilinxBoardStore\boards\Xilinx\vck190_newl\production\1.3\board.xml as part xcvc1902-vsva2197-2mp-e-s specified in board_part file is either invalid or not available
WARNING: [Board 49-26] cannot add Board Part xilinx.com:vcu118:part0:2.0 available at C:/Xilinx/2025.1/data/xhub/boards\XilinxBoardStore\boards\Xilinx\vcu118\2.0\board.xml as part xcvu9p-flga2104-2l-e specified in board_part file is either invalid or not available
WARNING: [Board 49-26] cannot add Board Part xilinx.com:vcu118:part0:2.3 available at C:/Xilinx/2025.1/data/xhub/boards\XilinxBoardStore\boards\Xilinx\vcu118\2.3\board.xml as part xcvu9p-flga2104-2l-e specified in board_part file is either invalid or not available
WARNING: [Board 49-26] cannot add Board Part xilinx.com:vcu118:part0:2.4 available at C:/Xilinx/2025.1/data/xhub/boards\XilinxBoardStore\boards\Xilinx\vcu118\2.4\board.xml as part xcvu9p-flga2104-2l-e specified in board_part file is either invalid or not available
WARNING: [Board 49-26] cannot add Board Part xilinx.com:vcu128:part0:1.0 available at C:/Xilinx/2025.1/data/xhub/boards\XilinxBoardStore\boards\Xilinx\vcu128\production\1.0\board.xml as part xcvu37p-fsvh2892-2l-e specified in board_part file is either invalid or not available
WARNING: [Board 49-26] cannot add Board Part xilinx.com:vcu129:part0:1.0 available at C:/Xilinx/2025.1/data/xhub/boards\XilinxBoardStore\boards\Xilinx\vcu129\production\1.0\board.xml as part xcvu29p-fsga2577-2l-e specified in board_part file is either invalid or not available
WARNING: [Board 49-26] cannot add Board Part xilinx.com:vcu1525:part0:1.3 available at C:/Xilinx/2025.1/data/xhub/boards\XilinxBoardStore\boards\Xilinx\vcu1525\1.3\board.xml as part xcvu9p-fsgd2104-2l-e specified in board_part file is either invalid or not available
WARNING: [Board 49-26] cannot add Board Part xilinx.com:vek280:part0:1.0 available at C:/Xilinx/2025.1/data/xhub/boards\XilinxBoardStore\boards\Xilinx\vek280\production\1.0\board.xml as part xcve2802-vsvh1760-2mp-e-s specified in board_part file is either invalid or not available
WARNING: [Board 49-26] cannot add Board Part xilinx.com:vek280:part0:1.1 available at C:/Xilinx/2025.1/data/xhub/boards\XilinxBoardStore\boards\Xilinx\vek280\production\1.1\board.xml as part xcve2802-vsvh1760-2mp-e-s specified in board_part file is either invalid or not available
WARNING: [Board 49-26] cannot add Board Part xilinx.com:vek280:part0:1.2 available at C:/Xilinx/2025.1/data/xhub/boards\XilinxBoardStore\boards\Xilinx\vek280\production\1.2\board.xml as part xcve2802-vsvh1760-2mp-e-s specified in board_part file is either invalid or not available
WARNING: [Board 49-26] cannot add Board Part xilinx.com:vek385:part0:1.0 available at C:/Xilinx/2025.1/data/xhub/boards\XilinxBoardStore\boards\Xilinx\vek385\1.0\board.xml as part xc2ve3858-ssva2112-2mp-e-s specified in board_part file is either invalid or not available
WARNING: [Board 49-26] cannot add Board Part xilinx.com:vhk158:part0:1.0 available at C:/Xilinx/2025.1/data/xhub/boards\XilinxBoardStore\boards\Xilinx\vhk158\production\1.0\board.xml as part xcvh1582-vsva3697-2mp-e-s specified in board_part file is either invalid or not available
WARNING: [Board 49-26] cannot add Board Part xilinx.com:vhk158:part0:1.1 available at C:/Xilinx/2025.1/data/xhub/boards\XilinxBoardStore\boards\Xilinx\vhk158\production\1.1\board.xml as part xcvh1582-vsva3697-2mp-e-s specified in board_part file is either invalid or not available
WARNING: [Board 49-26] cannot add Board Part xilinx.com:vhk158:part0:1.2 available at C:/Xilinx/2025.1/data/xhub/boards\XilinxBoardStore\boards\Xilinx\vhk158\production\1.2\board.xml as part xcvh1582-vsva3697-2mp-e-s specified in board_part file is either invalid or not available
WARNING: [Board 49-26] cannot add Board Part xilinx.com:vmk180:part0:2.2 available at C:/Xilinx/2025.1/data/xhub/boards\XilinxBoardStore\boards\Xilinx\vmk180\production\2.2\board.xml as part xcvm1802-vsva2197-2mp-e-s specified in board_part file is either invalid or not available
WARNING: [Board 49-26] cannot add Board Part xilinx.com:vmk180:part0:3.0 available at C:/Xilinx/2025.1/data/xhub/boards\XilinxBoardStore\boards\Xilinx\vmk180\production\3.0\board.xml as part xcvm1802-vsva2197-2mp-e-s specified in board_part file is either invalid or not available
WARNING: [Board 49-26] cannot add Board Part xilinx.com:vmk180:part0:3.1 available at C:/Xilinx/2025.1/data/xhub/boards\XilinxBoardStore\boards\Xilinx\vmk180\production\3.1\board.xml as part xcvm1802-vsva2197-2mp-e-s specified in board_part file is either invalid or not available
WARNING: [Board 49-26] cannot add Board Part xilinx.com:vmk180:part0:3.2 available at C:/Xilinx/2025.1/data/xhub/boards\XilinxBoardStore\boards\Xilinx\vmk180\production\3.2\board.xml as part xcvm1802-vsva2197-2mp-e-s specified in board_part file is either invalid or not available
WARNING: [Board 49-26] cannot add Board Part xilinx.com:vmk180:part0:3.3 available at C:/Xilinx/2025.1/data/xhub/boards\XilinxBoardStore\boards\Xilinx\vmk180\production\3.3\board.xml as part xcvm1802-vsva2197-2mp-e-s specified in board_part file is either invalid or not available
WARNING: [Board 49-26] cannot add Board Part xilinx.com:vmk180_newl:part0:1.0 available at C:/Xilinx/2025.1/data/xhub/boards\XilinxBoardStore\boards\Xilinx\vmk180_newl\production\1.0\board.xml as part xcvm1802-vsva2197-2mp-e-s specified in board_part file is either invalid or not available
WARNING: [Board 49-26] cannot add Board Part xilinx.com:vmk180_newl:part0:1.1 available at C:/Xilinx/2025.1/data/xhub/boards\XilinxBoardStore\boards\Xilinx\vmk180_newl\production\1.1\board.xml as part xcvm1802-vsva2197-2mp-e-s specified in board_part file is either invalid or not available
WARNING: [Board 49-26] cannot add Board Part xilinx.com:vpk120:part0:1.0 available at C:/Xilinx/2025.1/data/xhub/boards\XilinxBoardStore\boards\Xilinx\vpk120\production\1.0\board.xml as part xcvp1202-vsva2785-2mp-e-s specified in board_part file is either invalid or not available
WARNING: [Board 49-26] cannot add Board Part xilinx.com:vpk120:part0:1.1 available at C:/Xilinx/2025.1/data/xhub/boards\XilinxBoardStore\boards\Xilinx\vpk120\production\1.1\board.xml as part xcvp1202-vsva2785-2mp-e-s specified in board_part file is either invalid or not available
WARNING: [Board 49-26] cannot add Board Part xilinx.com:vpk120:part0:1.2 available at C:/Xilinx/2025.1/data/xhub/boards\XilinxBoardStore\boards\Xilinx\vpk120\production\1.2\board.xml as part xcvp1202-vsva2785-2mp-e-s specified in board_part file is either invalid or not available
WARNING: [Board 49-26] cannot add Board Part xilinx.com:vpk180:part0:1.0 available at C:/Xilinx/2025.1/data/xhub/boards\XilinxBoardStore\boards\Xilinx\vpk180\production\1.0\board.xml as part xcvp1802-lsvc4072-2mp-e-s specified in board_part file is either invalid or not available
WARNING: [Board 49-26] cannot add Board Part xilinx.com:vpk180:part0:1.1 available at C:/Xilinx/2025.1/data/xhub/boards\XilinxBoardStore\boards\Xilinx\vpk180\production\1.1\board.xml as part xcvp1802-lsvc4072-2mp-e-s specified in board_part file is either invalid or not available
WARNING: [Board 49-26] cannot add Board Part xilinx.com:vpk180:part0:1.2 available at C:/Xilinx/2025.1/data/xhub/boards\XilinxBoardStore\boards\Xilinx\vpk180\production\1.2\board.xml as part xcvp1802-lsvc4072-2mp-e-s specified in board_part file is either invalid or not available
WARNING: [Board 49-26] cannot add Board Part xilinx.com:zcu208ld:part0:2.0 available at C:/Xilinx/2025.1/data/xhub/boards\XilinxBoardStore\boards\Xilinx\zcu208ld\production\2.0\board.xml as part xczu58dr-fsvg1517-2-i specified in board_part file is either invalid or not available
WARNING: [Board 49-26] cannot add Board Part xilinx.com:zcu216ld:part0:2.0 available at C:/Xilinx/2025.1/data/xhub/boards\XilinxBoardStore\boards\Xilinx\zcu216ld\production\2.0\board.xml as part xczu59dr-ffvf1760-2-i specified in board_part file is either invalid or not available
WARNING: [Board 49-26] cannot add Board Part xilinx.com:zcu670ld:part0:1.0 available at C:/Xilinx/2025.1/data/xhub/boards\XilinxBoardStore\boards\Xilinx\zcu670ld\1.0\board.xml as part xczu57dr-fsve1156-2-i specified in board_part file is either invalid or not available
INFO: [Project 1-313] Project file moved from 'C:/Users/jparrack/Desktop/RAPID/RAPID' since last save.
Scanning sources...
Finished scanning sources
WARNING: [Board 49-26] cannot add Board Part xilinx.com:emb-plus-vpr-4616:part0:1.0 available at C:/Xilinx/2025.1/data/xhub/boards\XilinxBoardStore\boards\Xilinx\emb-plus-vpr-4616\1.0\board.xml as part xcve2302-sfva784-2mp-e-s specified in board_part file is either invalid or not available
WARNING: [Board 49-26] cannot add Board Part xilinx.com:emb-plus-vpr-4616:part0:1.1 available at C:/Xilinx/2025.1/data/xhub/boards\XilinxBoardStore\boards\Xilinx\emb-plus-vpr-4616\1.1\board.xml as part xcve2302-sfva784-2mp-e-s specified in board_part file is either invalid or not available
WARNING: [Board 49-26] cannot add Board Part xilinx.com:kcu116:part0:1.4 available at C:/Xilinx/2025.1/data/xhub/boards\XilinxBoardStore\boards\Xilinx\kcu116\1.4\board.xml as part xcku5p-ffvb676-2-e specified in board_part file is either invalid or not available
WARNING: [Board 49-26] cannot add Board Part xilinx.com:kcu116:part0:1.5 available at C:/Xilinx/2025.1/data/xhub/boards\XilinxBoardStore\boards\Xilinx\kcu116\1.5\board.xml as part xcku5p-ffvb676-2-e specified in board_part file is either invalid or not available
WARNING: [Board 49-26] cannot add Board Part xilinx.com:scu35:part0:1.0 available at C:/Xilinx/2025.1/data/xhub/boards\XilinxBoardStore\boards\Xilinx\scu35\1.0\board.xml as part xcsu35p-sbvb625-2-e specified in board_part file is either invalid or not available
WARNING: [Board 49-26] cannot add Board Part xilinx.com:v80:part0:1.0 available at C:/Xilinx/2025.1/data/xhub/boards\XilinxBoardStore\boards\Xilinx\v80\1.0\board.xml as part xcv80-lsva4737-2mhp-e-s specified in board_part file is either invalid or not available
WARNING: [Board 49-26] cannot add Board Part xilinx.com:vck190:part0:2.2 available at C:/Xilinx/2025.1/data/xhub/boards\XilinxBoardStore\boards\Xilinx\vck190\production\2.2\board.xml as part xcvc1902-vsva2197-2mp-e-s specified in board_part file is either invalid or not available
WARNING: [Board 49-26] cannot add Board Part xilinx.com:vck190:part0:3.0 available at C:/Xilinx/2025.1/data/xhub/boards\XilinxBoardStore\boards\Xilinx\vck190\production\3.0\board.xml as part xcvc1902-vsva2197-2mp-e-s specified in board_part file is either invalid or not available
WARNING: [Board 49-26] cannot add Board Part xilinx.com:vck190:part0:3.1 available at C:/Xilinx/2025.1/data/xhub/boards\XilinxBoardStore\boards\Xilinx\vck190\production\3.1\board.xml as part xcvc1902-vsva2197-2mp-e-s specified in board_part file is either invalid or not available
WARNING: [Board 49-26] cannot add Board Part xilinx.com:vck190:part0:3.2 available at C:/Xilinx/2025.1/data/xhub/boards\XilinxBoardStore\boards\Xilinx\vck190\production\3.2\board.xml as part xcvc1902-vsva2197-2mp-e-s specified in board_part file is either invalid or not available
WARNING: [Board 49-26] cannot add Board Part xilinx.com:vck190:part0:3.3 available at C:/Xilinx/2025.1/data/xhub/boards\XilinxBoardStore\boards\Xilinx\vck190\production\3.3\board.xml as part xcvc1902-vsva2197-2mp-e-s specified in board_part file is either invalid or not available
WARNING: [Board 49-26] cannot add Board Part xilinx.com:vck190:part0:3.4 available at C:/Xilinx/2025.1/data/xhub/boards\XilinxBoardStore\boards\Xilinx\vck190\production\3.4\board.xml as part xcvc1902-vsva2197-2mp-e-s specified in board_part file is either invalid or not available
WARNING: [Board 49-26] cannot add Board Part xilinx.com:vck190_newl:part0:1.0 available at C:/Xilinx/2025.1/data/xhub/boards\XilinxBoardStore\boards\Xilinx\vck190_newl\production\1.0\board.xml as part xcvc1902-vsva2197-2mp-e-s specified in board_part file is either invalid or not available
WARNING: [Board 49-26] cannot add Board Part xilinx.com:vck190_newl:part0:1.1 available at C:/Xilinx/2025.1/data/xhub/boards\XilinxBoardStore\boards\Xilinx\vck190_newl\production\1.1\board.xml as part xcvc1902-vsva2197-2mp-e-s specified in board_part file is either invalid or not available
WARNING: [Board 49-26] cannot add Board Part xilinx.com:vck190_newl:part0:1.2 available at C:/Xilinx/2025.1/data/xhub/boards\XilinxBoardStore\boards\Xilinx\vck190_newl\production\1.2\board.xml as part xcvc1902-vsva2197-2mp-e-s specified in board_part file is either invalid or not available
WARNING: [Board 49-26] cannot add Board Part xilinx.com:vck190_newl:part0:1.3 available at C:/Xilinx/2025.1/data/xhub/boards\XilinxBoardStore\boards\Xilinx\vck190_newl\production\1.3\board.xml as part xcvc1902-vsva2197-2mp-e-s specified in board_part file is either invalid or not available
WARNING: [Board 49-26] cannot add Board Part xilinx.com:vcu118:part0:2.0 available at C:/Xilinx/2025.1/data/xhub/boards\XilinxBoardStore\boards\Xilinx\vcu118\2.0\board.xml as part xcvu9p-flga2104-2l-e specified in board_part file is either invalid or not available
WARNING: [Board 49-26] cannot add Board Part xilinx.com:vcu118:part0:2.3 available at C:/Xilinx/2025.1/data/xhub/boards\XilinxBoardStore\boards\Xilinx\vcu118\2.3\board.xml as part xcvu9p-flga2104-2l-e specified in board_part file is either invalid or not available
WARNING: [Board 49-26] cannot add Board Part xilinx.com:vcu118:part0:2.4 available at C:/Xilinx/2025.1/data/xhub/boards\XilinxBoardStore\boards\Xilinx\vcu118\2.4\board.xml as part xcvu9p-flga2104-2l-e specified in board_part file is either invalid or not available
WARNING: [Board 49-26] cannot add Board Part xilinx.com:vcu128:part0:1.0 available at C:/Xilinx/2025.1/data/xhub/boards\XilinxBoardStore\boards\Xilinx\vcu128\production\1.0\board.xml as part xcvu37p-fsvh2892-2l-e specified in board_part file is either invalid or not available
WARNING: [Board 49-26] cannot add Board Part xilinx.com:vcu129:part0:1.0 available at C:/Xilinx/2025.1/data/xhub/boards\XilinxBoardStore\boards\Xilinx\vcu129\production\1.0\board.xml as part xcvu29p-fsga2577-2l-e specified in board_part file is either invalid or not available
WARNING: [Board 49-26] cannot add Board Part xilinx.com:vcu1525:part0:1.3 available at C:/Xilinx/2025.1/data/xhub/boards\XilinxBoardStore\boards\Xilinx\vcu1525\1.3\board.xml as part xcvu9p-fsgd2104-2l-e specified in board_part file is either invalid or not available
WARNING: [Board 49-26] cannot add Board Part xilinx.com:vek280:part0:1.0 available at C:/Xilinx/2025.1/data/xhub/boards\XilinxBoardStore\boards\Xilinx\vek280\production\1.0\board.xml as part xcve2802-vsvh1760-2mp-e-s specified in board_part file is either invalid or not available
WARNING: [Board 49-26] cannot add Board Part xilinx.com:vek280:part0:1.1 available at C:/Xilinx/2025.1/data/xhub/boards\XilinxBoardStore\boards\Xilinx\vek280\production\1.1\board.xml as part xcve2802-vsvh1760-2mp-e-s specified in board_part file is either invalid or not available
WARNING: [Board 49-26] cannot add Board Part xilinx.com:vek280:part0:1.2 available at C:/Xilinx/2025.1/data/xhub/boards\XilinxBoardStore\boards\Xilinx\vek280\production\1.2\board.xml as part xcve2802-vsvh1760-2mp-e-s specified in board_part file is either invalid or not available
WARNING: [Board 49-26] cannot add Board Part xilinx.com:vek385:part0:1.0 available at C:/Xilinx/2025.1/data/xhub/boards\XilinxBoardStore\boards\Xilinx\vek385\1.0\board.xml as part xc2ve3858-ssva2112-2mp-e-s specified in board_part file is either invalid or not available
WARNING: [Board 49-26] cannot add Board Part xilinx.com:vhk158:part0:1.0 available at C:/Xilinx/2025.1/data/xhub/boards\XilinxBoardStore\boards\Xilinx\vhk158\production\1.0\board.xml as part xcvh1582-vsva3697-2mp-e-s specified in board_part file is either invalid or not available
WARNING: [Board 49-26] cannot add Board Part xilinx.com:vhk158:part0:1.1 available at C:/Xilinx/2025.1/data/xhub/boards\XilinxBoardStore\boards\Xilinx\vhk158\production\1.1\board.xml as part xcvh1582-vsva3697-2mp-e-s specified in board_part file is either invalid or not available
WARNING: [Board 49-26] cannot add Board Part xilinx.com:vhk158:part0:1.2 available at C:/Xilinx/2025.1/data/xhub/boards\XilinxBoardStore\boards\Xilinx\vhk158\production\1.2\board.xml as part xcvh1582-vsva3697-2mp-e-s specified in board_part file is either invalid or not available
WARNING: [Board 49-26] cannot add Board Part xilinx.com:vmk180:part0:2.2 available at C:/Xilinx/2025.1/data/xhub/boards\XilinxBoardStore\boards\Xilinx\vmk180\production\2.2\board.xml as part xcvm1802-vsva2197-2mp-e-s specified in board_part file is either invalid or not available
WARNING: [Board 49-26] cannot add Board Part xilinx.com:vmk180:part0:3.0 available at C:/Xilinx/2025.1/data/xhub/boards\XilinxBoardStore\boards\Xilinx\vmk180\production\3.0\board.xml as part xcvm1802-vsva2197-2mp-e-s specified in board_part file is either invalid or not available
WARNING: [Board 49-26] cannot add Board Part xilinx.com:vmk180:part0:3.1 available at C:/Xilinx/2025.1/data/xhub/boards\XilinxBoardStore\boards\Xilinx\vmk180\production\3.1\board.xml as part xcvm1802-vsva2197-2mp-e-s specified in board_part file is either invalid or not available
WARNING: [Board 49-26] cannot add Board Part xilinx.com:vmk180:part0:3.2 available at C:/Xilinx/2025.1/data/xhub/boards\XilinxBoardStore\boards\Xilinx\vmk180\production\3.2\board.xml as part xcvm1802-vsva2197-2mp-e-s specified in board_part file is either invalid or not available
WARNING: [Board 49-26] cannot add Board Part xilinx.com:vmk180:part0:3.3 available at C:/Xilinx/2025.1/data/xhub/boards\XilinxBoardStore\boards\Xilinx\vmk180\production\3.3\board.xml as part xcvm1802-vsva2197-2mp-e-s specified in board_part file is either invalid or not available
WARNING: [Board 49-26] cannot add Board Part xilinx.com:vmk180_newl:part0:1.0 available at C:/Xilinx/2025.1/data/xhub/boards\XilinxBoardStore\boards\Xilinx\vmk180_newl\production\1.0\board.xml as part xcvm1802-vsva2197-2mp-e-s specified in board_part file is either invalid or not available
WARNING: [Board 49-26] cannot add Board Part xilinx.com:vmk180_newl:part0:1.1 available at C:/Xilinx/2025.1/data/xhub/boards\XilinxBoardStore\boards\Xilinx\vmk180_newl\production\1.1\board.xml as part xcvm1802-vsva2197-2mp-e-s specified in board_part file is either invalid or not available
WARNING: [Board 49-26] cannot add Board Part xilinx.com:vpk120:part0:1.0 available at C:/Xilinx/2025.1/data/xhub/boards\XilinxBoardStore\boards\Xilinx\vpk120\production\1.0\board.xml as part xcvp1202-vsva2785-2mp-e-s specified in board_part file is either invalid or not available
WARNING: [Board 49-26] cannot add Board Part xilinx.com:vpk120:part0:1.1 available at C:/Xilinx/2025.1/data/xhub/boards\XilinxBoardStore\boards\Xilinx\vpk120\production\1.1\board.xml as part xcvp1202-vsva2785-2mp-e-s specified in board_part file is either invalid or not available
WARNING: [Board 49-26] cannot add Board Part xilinx.com:vpk120:part0:1.2 available at C:/Xilinx/2025.1/data/xhub/boards\XilinxBoardStore\boards\Xilinx\vpk120\production\1.2\board.xml as part xcvp1202-vsva2785-2mp-e-s specified in board_part file is either invalid or not available
WARNING: [Board 49-26] cannot add Board Part xilinx.com:vpk180:part0:1.0 available at C:/Xilinx/2025.1/data/xhub/boards\XilinxBoardStore\boards\Xilinx\vpk180\production\1.0\board.xml as part xcvp1802-lsvc4072-2mp-e-s specified in board_part file is either invalid or not available
WARNING: [Board 49-26] cannot add Board Part xilinx.com:vpk180:part0:1.1 available at C:/Xilinx/2025.1/data/xhub/boards\XilinxBoardStore\boards\Xilinx\vpk180\production\1.1\board.xml as part xcvp1802-lsvc4072-2mp-e-s specified in board_part file is either invalid or not available
WARNING: [Board 49-26] cannot add Board Part xilinx.com:vpk180:part0:1.2 available at C:/Xilinx/2025.1/data/xhub/boards\XilinxBoardStore\boards\Xilinx\vpk180\production\1.2\board.xml as part xcvp1802-lsvc4072-2mp-e-s specified in board_part file is either invalid or not available
WARNING: [Board 49-26] cannot add Board Part xilinx.com:zcu208ld:part0:2.0 available at C:/Xilinx/2025.1/data/xhub/boards\XilinxBoardStore\boards\Xilinx\zcu208ld\production\2.0\board.xml as part xczu58dr-fsvg1517-2-i specified in board_part file is either invalid or not available
WARNING: [Board 49-26] cannot add Board Part xilinx.com:zcu216ld:part0:2.0 available at C:/Xilinx/2025.1/data/xhub/boards\XilinxBoardStore\boards\Xilinx\zcu216ld\production\2.0\board.xml as part xczu59dr-ffvf1760-2-i specified in board_part file is either invalid or not available
WARNING: [Board 49-26] cannot add Board Part xilinx.com:zcu670ld:part0:1.0 available at C:/Xilinx/2025.1/data/xhub/boards\XilinxBoardStore\boards\Xilinx\zcu670ld\1.0\board.xml as part xczu57dr-fsve1156-2-i specified in board_part file is either invalid or not available
WARNING: [Project 1-5713] Board part '' set for the project  is not found. BoardPart property will be unset. Please select board from latest repo build 
INFO: [IP_Flow 19-234] Refreshing IP repositories
INFO: [IP_Flow 19-1700] Loaded user IP repository 'c:/Users/mbracker/Documents/RAPID/RAPID/RAPID/ip_repo'.
INFO: [IP_Flow 19-2313] Loaded Vivado IP repository 'C:/Xilinx/2025.1/Vivado/data/ip'.
INFO: [Project 1-5698] Found the below utility IPs instantiated in block design C:/Users/mbracker/Documents/RAPID/RAPID/RAPID/RAPID.srcs/sources_1/bd/top/top.bd which have equivalent inline hdl with improved performance and reduced diskspace.
It is recommended to migrate these utility IPs to inline hdl  using the command upgrade_project -migrate_to_inline_hdl.  The utility IPs may be deprecated in future releases.
More information on inline hdl is available in UG994.
Utility IP Component Instances:
 top_xlslice_0_1
top_xlslice_0_2
top_xlslice_0_3
top_xlslice_0_4
top_xlslice_0_5
top_xlslice_0_6
open_project: Time (s): cpu = 00:00:03 ; elapsed = 00:00:07 . Memory (MB): peak = 1721.586 ; gain = 258.461
update_compile_order -fileset sources_1
open_bd_design {C:/Users/mbracker/Documents/RAPID/RAPID/RAPID/RAPID.srcs/sources_1/bd/top/top.bd}
Reading block design file <C:/Users/mbracker/Documents/RAPID/RAPID/RAPID/RAPID.srcs/sources_1/bd/top/top.bd>...
Adding component instance block -- xilinx.com:ip:processing_system7:5.5 - processing_system7_0
Adding component instance block -- xilinx.com:module_ref:Spindle:1.0 - Spindle_0
Adding component instance block -- xilinx.com:module_ref:stepperDriver:1.0 - stepperDriver_0
Adding component instance block -- xilinx.com:ip:axi_gpio:2.0 - axi_gpio_0
Adding component instance block -- xilinx.com:ip:xlslice:1.0 - xlslice_0
Adding component instance block -- xilinx.com:ip:xlslice:1.0 - xlslice_1
Adding component instance block -- xilinx.com:ip:xlslice:1.0 - xlslice_2
Adding component instance block -- xilinx.com:ip:xlslice:1.0 - xlslice_3
Adding component instance block -- xilinx.com:ip:xlslice:1.0 - xlslice_4
Adding component instance block -- xilinx.com:ip:xlslice:1.0 - xlslice_5
Adding component instance block -- xilinx.com:ip:proc_sys_reset:5.0 - rst_ps7_0_100M
Adding component instance block -- xilinx.com:ip:smartconnect:1.0 - axi_smc
Successfully read diagram <top> from block design file <C:/Users/mbracker/Documents/RAPID/RAPID/RAPID/RAPID.srcs/sources_1/bd/top/top.bd>
CRITICAL WARNING: [PSU-1]  Parameter : PCW_UIPARAM_DDR_DQS_TO_CLK_DELAY_2 has negative value -0.009 . PS DDR interfaces might fail when entering negative DQS skew values. 
CRITICAL WARNING: [PSU-2]  Parameter : PCW_UIPARAM_DDR_DQS_TO_CLK_DELAY_3 has negative value -0.033 . PS DDR interfaces might fail when entering negative DQS skew values. 
CRITICAL WARNING: [PSU-1]  Parameter : PCW_UIPARAM_DDR_DQS_TO_CLK_DELAY_2 has negative value -0.009 . PS DDR interfaces might fail when entering negative DQS skew values. 
CRITICAL WARNING: [PSU-2]  Parameter : PCW_UIPARAM_DDR_DQS_TO_CLK_DELAY_3 has negative value -0.033 . PS DDR interfaces might fail when entering negative DQS skew values. 
WARNING: [IP_Flow 19-474] Invalid Parameter 'Component_Name'
close_bd_design [get_bd_designs top]
Wrote  : <C:/Users/mbracker/Documents/RAPID/RAPID/RAPID/RAPID.srcs/sources_1/bd/top/ui/bd_2ae56375.ui> 
WARNING: [filemgmt 56-199] Attempt to get parsing info during refresh. "On-the-fly" syntax checking information may be incorrect. [C:\Users\mbracker\Documents\RAPID\RAPID\RAPID\RAPID.srcs\sources_1\new\stepperDriver.vhd:]
WARNING: [filemgmt 56-199] Attempt to get parsing info during refresh. "On-the-fly" syntax checking information may be incorrect. [C:\Users\mbracker\Documents\RAPID\RAPID\RAPID\RAPID.srcs\sources_1\new\spindle.vhd:]
WARNING: [filemgmt 56-199] Attempt to get parsing info during refresh. "On-the-fly" syntax checking information may be incorrect. [C:\Users\mbracker\Documents\RAPID\RAPID\RAPID\RAPID.srcs\sources_1\new\stepperDriver.vhd:]
WARNING: [filemgmt 56-199] Attempt to get parsing info during refresh. "On-the-fly" syntax checking information may be incorrect. [C:\Users\mbracker\Documents\RAPID\RAPID\RAPID\RAPID.srcs\sources_1\new\stepperDriver.vhd:]
set_property top stepperDriver [get_filesets sim_1]
set_property top_lib xil_defaultlib [get_filesets sim_1]
set_property top_arch Behavioral [get_filesets sim_1]
set_property top_file C:/Users/mbracker/Documents/RAPID/RAPID/RAPID/RAPID.srcs/sources_1/new/stepperDriver.vhd [get_filesets sim_1]
WARNING: [filemgmt 56-199] Attempt to get parsing info during refresh. "On-the-fly" syntax checking information may be incorrect. [C:\Users\mbracker\Documents\RAPID\RAPID\RAPID\RAPID.srcs\sources_1\new\stepperDriver.vhd:]
WARNING: [filemgmt 56-199] Attempt to get parsing info during refresh. "On-the-fly" syntax checking information may be incorrect. [C:\Users\mbracker\Documents\RAPID\RAPID\RAPID\RAPID.srcs\sources_1\new\spindle.vhd:]
WARNING: [filemgmt 56-199] Attempt to get parsing info during refresh. "On-the-fly" syntax checking information may be incorrect. [C:\Users\mbracker\Documents\RAPID\RAPID\RAPID\RAPID.srcs\sources_1\new\stepperDriver.vhd:]
WARNING: [filemgmt 56-199] Attempt to get parsing info during refresh. "On-the-fly" syntax checking information may be incorrect. [C:\Users\mbracker\Documents\RAPID\RAPID\RAPID\RAPID.srcs\sources_1\new\stepperDriver.vhd:]
ERROR: [Common 17-180] Spawn failed: The operation completed successfully.

launch_simulation
Command: launch_simulation 
INFO: [Vivado 12-12493] Simulation top is 'stepperDriver'
INFO: [Vivado 12-5698] Checking validity of IPs in the design for the 'XSim' simulator...
INFO: [Vivado 12-5682] Launching behavioral simulation in 'C:/Users/mbracker/Documents/RAPID/RAPID/RAPID/RAPID.sim/sim_1/behav/xsim'
INFO: [Vivado 12-13660] Precompiled IP simulation library mode is enabled (default). The design IP libraries will be referenced from the compiled library path. Please note that if the precompiled version of the library is not found from the path or the IP is in locked state, then the library source files for these IPs will be compiled locally as part of the compile order.
INFO: [Vivado 12-4795] Using compiled simulation libraries for IPs
INFO: [SIM-utils-51] Simulation object is 'sim_1'
INFO: [SIM-utils-72] Using boost library from 'C:/Xilinx/2025.1/Vivado/tps/boost_1_72_0'
INFO: [USF-XSim-7] Finding pre-compiled libraries...
INFO: [USF-XSim-11] File 'C:/Xilinx/2025.1/Vivado/data/xsim/xsim.ini' copied to run dir:'C:/Users/mbracker/Documents/RAPID/RAPID/RAPID/RAPID.sim/sim_1/behav/xsim'
INFO: [SIM-utils-20] The project contains locked or custom IPs. The pre-compiled version of these IPs will not be referenced and the sources from these IP libraries will be compiled locally.
INFO: [SIM-utils-54] Inspecting design source files for 'stepperDriver' in fileset 'sim_1'...
INFO: [SIM-utils-43] Exported 'C:/Users/mbracker/Documents/RAPID/RAPID/RAPID/RAPID.sim/sim_1/behav/xsim/sc_xtlm_top_axi_smc_1.mem'
INFO: [USF-XSim-97] Finding global include files...
INFO: [USF-XSim-98] Fetching design files from 'sim_1'...
INFO: [USF-XSim-2] XSim::Compile design
INFO: [USF-XSim-61] Executing 'COMPILE and ANALYZE' step in 'C:/Users/mbracker/Documents/RAPID/RAPID/RAPID/RAPID.sim/sim_1/behav/xsim'
"xvlog --incr --relax -L axi_vip_v1_1_21 -L smartconnect_v1_0 -L processing_system7_vip_v1_0_23 -L xilinx_vip -prj stepperDriver_vlog.prj"
INFO: [VRFC 10-2263] Analyzing Verilog file "C:/Users/mbracker/Documents/RAPID/RAPID/RAPID/RAPID.sim/sim_1/behav/xsim/glbl.v" into library xil_defaultlib
INFO: [VRFC 10-311] analyzing module glbl
"xvhdl --incr --relax -prj stepperDriver_vhdl.prj"
INFO: [VRFC 10-163] Analyzing VHDL file "C:/Users/mbracker/Documents/RAPID/RAPID/RAPID/RAPID.srcs/sources_1/new/stepperDriver.vhd" into library xil_defaultlib
INFO: [VRFC 10-3107] analyzing entity 'stepperDriver'
run_program: Time (s): cpu = 00:00:00 ; elapsed = 00:00:09 . Memory (MB): peak = 1866.773 ; gain = 0.000
INFO: [USF-XSim-69] 'compile' step finished in '9' seconds
INFO: [USF-XSim-3] XSim::Elaborate design
INFO: [USF-XSim-61] Executing 'ELABORATE' step in 'C:/Users/mbracker/Documents/RAPID/RAPID/RAPID/RAPID.sim/sim_1/behav/xsim'
"xelab --incr --debug typical --relax --mt 2 -L xil_defaultlib -L xilinx_vip -L unisims_ver -L unimacro_ver -L secureip -L xpm --snapshot stepperDriver_behav xil_defaultlib.stepperDriver xil_defaultlib.glbl -log elaborate.log"
Vivado Simulator v2025.1.0
Copyright 1986-2022 Xilinx, Inc. All Rights Reserved.
Copyright 2022-2025 Advanced Micro Devices, Inc. All Rights Reserved.
Running: C:/Xilinx/2025.1/Vivado/bin/unwrapped/win64.o/xelab.exe --incr --debug typical --relax --mt 2 -L xil_defaultlib -L xilinx_vip -L unisims_ver -L unimacro_ver -L secureip -L xpm --snapshot stepperDriver_behav xil_defaultlib.stepperDriver xil_defaultlib.glbl -log elaborate.log 
Using 2 slave threads.
Starting static elaboration
Pass Through NonSizing Optimizer
Completed static elaboration
Starting simulation data flow analysis
Completed simulation data flow analysis
Time Resolution for simulation is 1ps
Compiling package std.standard
Compiling package std.textio
Compiling package ieee.std_logic_1164
Compiling module xil_defaultlib.glbl
Compiling architecture behavioral of entity xil_defaultlib.stepperdriver
Built simulation snapshot stepperDriver_behav
INFO: [USF-XSim-69] 'elaborate' step finished in '4' seconds
INFO: [USF-XSim-4] XSim::Simulate design
INFO: [USF-XSim-61] Executing 'SIMULATE' step in 'C:/Users/mbracker/Documents/RAPID/RAPID/RAPID/RAPID.sim/sim_1/behav/xsim'
INFO: [USF-XSim-98] *** Running xsim
   with args "stepperDriver_behav -key {Behavioral:sim_1:Functional:stepperDriver} -tclbatch {stepperDriver.tcl} -protoinst "protoinst_files/bd_74fb.protoinst" -protoinst "protoinst_files/top.protoinst" -log {simulate.log}"
INFO: [USF-XSim-8] Loading simulator feature
INFO: [Wavedata 42-565] Reading protoinst file protoinst_files/bd_74fb.protoinst
WARNING: [Wavedata 42-558] Couldn't load one or more protocol instances from protoinst file protoinst_files/bd_74fb.protoinst for the following reason(s):
There are no instances of module "bd_74fb" in the design.

INFO: [Wavedata 42-565] Reading protoinst file protoinst_files/top.protoinst
WARNING: [Wavedata 42-558] Couldn't load one or more protocol instances from protoinst file protoinst_files/top.protoinst for the following reason(s):
There are no instances of module "top" in the design.

Time resolution is 1 ps
source stepperDriver.tcl
# set curr_wave [current_wave_config]
# if { [string length $curr_wave] == 0 } {
#   if { [llength [get_objects]] > 0} {
#     add_wave /
#     set_property needs_save false [current_wave_config]
#   } else {
#      send_msg_id Add_Wave-1 WARNING "No top level signals found. Simulator will start without a wave window. If you want to open a wave window go to 'File->New Waveform Configuration' or type 'create_wave_config' in the TCL console."
#   }
# }
# run 1000ns
INFO: [USF-XSim-96] XSim completed. Design snapshot 'stepperDriver_behav' loaded.
INFO: [USF-XSim-97] XSim simulation ran for 1000ns
launch_simulation: Time (s): cpu = 00:00:01 ; elapsed = 00:00:20 . Memory (MB): peak = 1885.922 ; gain = 19.148
add_force {/stepperDriver/clk} -radix bin {1 0ns} {0 4000ps} -repeat_every 8000ps
add_force {/stepperDriver/dir} -radix bin {1 0ns}
add_force {/stepperDriver/en} -radix bin {1 0ns}
add_force {/stepperDriver/prox_in} -radix bin {0 0ns}
add_force {/stepperDriver/zero_req} -radix bin {0 0ns}
run 10 us
run 10 us
run 10 us
run 10 s
run: Time (s): cpu = 00:00:58 ; elapsed = 00:01:37 . Memory (MB): peak = 3544.809 ; gain = 0.000
add_force {/stepperDriver/prox_in} -radix bin {1 0ns}
run 10 ms
run 10 ms
run 10 ms
run 10 ms
run 10 ms
run 10 ms
restart
INFO: [Wavedata 42-604] Simulation restarted
add_force {/stepperDriver/clk} -radix hex {1 0ns} {0 4000ps} -repeat_every 8000ps
add_force {/stepperDriver/dir} -radix bin {1 0ns}
add_force {/stepperDriver/en} -radix bin {1 0ns}
add_force {/stepperDriver/prox_in} -radix bin {0 0ns}
add_force {/stepperDriver/zero_req} -radix bin {0 0ns}
run 10 s
run: Time (s): cpu = 00:06:46 ; elapsed = 00:09:42 . Memory (MB): peak = 3556.656 ; gain = 0.355
close_sim
INFO: xsimkernel Simulation Memory Usage: 18308 KB (Peak: 18308 KB), Simulation CPU Usage: 97671 ms
INFO: [Simtcl 6-16] Simulation closed
launch_simulation
Command: launch_simulation 
INFO: [Vivado 12-12493] Simulation top is 'stepperDriver'
INFO: [Vivado 12-5698] Checking validity of IPs in the design for the 'XSim' simulator...
INFO: [Vivado 12-5682] Launching behavioral simulation in 'C:/Users/mbracker/Documents/RAPID/RAPID/RAPID/RAPID.sim/sim_1/behav/xsim'
INFO: [Vivado 12-13660] Precompiled IP simulation library mode is enabled (default). The design IP libraries will be referenced from the compiled library path. Please note that if the precompiled version of the library is not found from the path or the IP is in locked state, then the library source files for these IPs will be compiled locally as part of the compile order.
INFO: [Vivado 12-4795] Using compiled simulation libraries for IPs
INFO: [SIM-utils-51] Simulation object is 'sim_1'
INFO: [SIM-utils-72] Using boost library from 'C:/Xilinx/2025.1/Vivado/tps/boost_1_72_0'
INFO: [USF-XSim-7] Finding pre-compiled libraries...
INFO: [USF-XSim-11] File 'C:/Xilinx/2025.1/Vivado/data/xsim/xsim.ini' copied to run dir:'C:/Users/mbracker/Documents/RAPID/RAPID/RAPID/RAPID.sim/sim_1/behav/xsim'
INFO: [SIM-utils-20] The project contains locked or custom IPs. The pre-compiled version of these IPs will not be referenced and the sources from these IP libraries will be compiled locally.
INFO: [SIM-utils-54] Inspecting design source files for 'stepperDriver' in fileset 'sim_1'...
INFO: [SIM-utils-43] Exported 'C:/Users/mbracker/Documents/RAPID/RAPID/RAPID/RAPID.sim/sim_1/behav/xsim/sc_xtlm_top_axi_smc_1.mem'
INFO: [USF-XSim-97] Finding global include files...
INFO: [USF-XSim-98] Fetching design files from 'sim_1'...
INFO: [USF-XSim-2] XSim::Compile design
INFO: [USF-XSim-61] Executing 'COMPILE and ANALYZE' step in 'C:/Users/mbracker/Documents/RAPID/RAPID/RAPID/RAPID.sim/sim_1/behav/xsim'
"xvlog --incr --relax -L axi_vip_v1_1_21 -L smartconnect_v1_0 -L processing_system7_vip_v1_0_23 -L xilinx_vip -prj stepperDriver_vlog.prj"
"xvhdl --incr --relax -prj stepperDriver_vhdl.prj"
INFO: [VRFC 10-163] Analyzing VHDL file "C:/Users/mbracker/Documents/RAPID/RAPID/RAPID/RAPID.srcs/sources_1/new/stepperDriver.vhd" into library xil_defaultlib
INFO: [VRFC 10-3107] analyzing entity 'stepperDriver'
INFO: [USF-XSim-69] 'compile' step finished in '5' seconds
INFO: [USF-XSim-3] XSim::Elaborate design
INFO: [USF-XSim-61] Executing 'ELABORATE' step in 'C:/Users/mbracker/Documents/RAPID/RAPID/RAPID/RAPID.sim/sim_1/behav/xsim'
"xelab --incr --debug typical --relax --mt 2 -L xil_defaultlib -L xilinx_vip -L unisims_ver -L unimacro_ver -L secureip -L xpm --snapshot stepperDriver_behav xil_defaultlib.stepperDriver xil_defaultlib.glbl -log elaborate.log"
Vivado Simulator v2025.1.0
Copyright 1986-2022 Xilinx, Inc. All Rights Reserved.
Copyright 2022-2025 Advanced Micro Devices, Inc. All Rights Reserved.
Running: C:/Xilinx/2025.1/Vivado/bin/unwrapped/win64.o/xelab.exe --incr --debug typical --relax --mt 2 -L xil_defaultlib -L xilinx_vip -L unisims_ver -L unimacro_ver -L secureip -L xpm --snapshot stepperDriver_behav xil_defaultlib.stepperDriver xil_defaultlib.glbl -log elaborate.log 
Using 2 slave threads.
Starting static elaboration
Pass Through NonSizing Optimizer
Completed static elaboration
Starting simulation data flow analysis
Completed simulation data flow analysis
Time Resolution for simulation is 1ps
Compiling package std.standard
Compiling package std.textio
Compiling package ieee.std_logic_1164
Compiling module xil_defaultlib.glbl
Compiling architecture behavioral of entity xil_defaultlib.stepperdriver
Built simulation snapshot stepperDriver_behav
INFO: [USF-XSim-69] 'elaborate' step finished in '2' seconds
INFO: [USF-XSim-4] XSim::Simulate design
INFO: [USF-XSim-61] Executing 'SIMULATE' step in 'C:/Users/mbracker/Documents/RAPID/RAPID/RAPID/RAPID.sim/sim_1/behav/xsim'
INFO: [USF-XSim-98] *** Running xsim
   with args "stepperDriver_behav -key {Behavioral:sim_1:Functional:stepperDriver} -tclbatch {stepperDriver.tcl} -protoinst "protoinst_files/bd_74fb.protoinst" -protoinst "protoinst_files/top.protoinst" -log {simulate.log}"
INFO: [USF-XSim-8] Loading simulator feature
INFO: [Wavedata 42-565] Reading protoinst file protoinst_files/bd_74fb.protoinst
WARNING: [Wavedata 42-558] Couldn't load one or more protocol instances from protoinst file protoinst_files/bd_74fb.protoinst for the following reason(s):
There are no instances of module "bd_74fb" in the design.

INFO: [Wavedata 42-565] Reading protoinst file protoinst_files/top.protoinst
WARNING: [Wavedata 42-558] Couldn't load one or more protocol instances from protoinst file protoinst_files/top.protoinst for the following reason(s):
There are no instances of module "top" in the design.

Time resolution is 1 ps
source stepperDriver.tcl
# set curr_wave [current_wave_config]
# if { [string length $curr_wave] == 0 } {
#   if { [llength [get_objects]] > 0} {
#     add_wave /
#     set_property needs_save false [current_wave_config]
#   } else {
#      send_msg_id Add_Wave-1 WARNING "No top level signals found. Simulator will start without a wave window. If you want to open a wave window go to 'File->New Waveform Configuration' or type 'create_wave_config' in the TCL console."
#   }
# }
# run 1000ns
INFO: [USF-XSim-96] XSim completed. Design snapshot 'stepperDriver_behav' loaded.
INFO: [USF-XSim-97] XSim simulation ran for 1000ns
launch_simulation: Time (s): cpu = 00:00:01 ; elapsed = 00:00:11 . Memory (MB): peak = 3556.656 ; gain = 0.000
restart
INFO: [Wavedata 42-604] Simulation restarted
add_force {/stepperDriver/clk} -radix hex {1 0ns} {0 4000ps} -repeat_every 8000ps
force12
add_force {/stepperDriver/dir} -radix bin {1 0ns}
force13
add_force {/stepperDriver/en} -radix bin {1 0ns}
force14
add_force {/stepperDriver/prox_in} -radix bin {0 0ns}
force15
add_force {/stepperDriver/zero_req} -radix bin {0 0ns}
force16
run 1 s
run: Time (s): cpu = 00:01:32 ; elapsed = 00:02:33 . Memory (MB): peak = 3556.656 ; gain = 0.000
add_force {/stepperDriver/prox_in} -radix bin {1 0ns}
run 1 s
run: Time (s): cpu = 00:01:04 ; elapsed = 00:02:10 . Memory (MB): peak = 3556.656 ; gain = 0.000
close_sim
INFO: xsimkernel Simulation Memory Usage: 17604 KB (Peak: 17604 KB), Simulation CPU Usage: 36717 ms
INFO: [Simtcl 6-16] Simulation closed
launch_simulation
Command: launch_simulation 
INFO: [Vivado 12-12493] Simulation top is 'stepperDriver'
INFO: [Vivado 12-5698] Checking validity of IPs in the design for the 'XSim' simulator...
INFO: [Vivado 12-5682] Launching behavioral simulation in 'C:/Users/mbracker/Documents/RAPID/RAPID/RAPID/RAPID.sim/sim_1/behav/xsim'
INFO: [Vivado 12-13660] Precompiled IP simulation library mode is enabled (default). The design IP libraries will be referenced from the compiled library path. Please note that if the precompiled version of the library is not found from the path or the IP is in locked state, then the library source files for these IPs will be compiled locally as part of the compile order.
INFO: [Vivado 12-4795] Using compiled simulation libraries for IPs
INFO: [SIM-utils-51] Simulation object is 'sim_1'
INFO: [SIM-utils-72] Using boost library from 'C:/Xilinx/2025.1/Vivado/tps/boost_1_72_0'
INFO: [USF-XSim-7] Finding pre-compiled libraries...
INFO: [USF-XSim-11] File 'C:/Xilinx/2025.1/Vivado/data/xsim/xsim.ini' copied to run dir:'C:/Users/mbracker/Documents/RAPID/RAPID/RAPID/RAPID.sim/sim_1/behav/xsim'
INFO: [SIM-utils-20] The project contains locked or custom IPs. The pre-compiled version of these IPs will not be referenced and the sources from these IP libraries will be compiled locally.
INFO: [SIM-utils-54] Inspecting design source files for 'stepperDriver' in fileset 'sim_1'...
INFO: [SIM-utils-43] Exported 'C:/Users/mbracker/Documents/RAPID/RAPID/RAPID/RAPID.sim/sim_1/behav/xsim/sc_xtlm_top_axi_smc_1.mem'
INFO: [USF-XSim-97] Finding global include files...
INFO: [USF-XSim-98] Fetching design files from 'sim_1'...
INFO: [USF-XSim-2] XSim::Compile design
INFO: [USF-XSim-61] Executing 'COMPILE and ANALYZE' step in 'C:/Users/mbracker/Documents/RAPID/RAPID/RAPID/RAPID.sim/sim_1/behav/xsim'
"xvlog --incr --relax -L axi_vip_v1_1_21 -L smartconnect_v1_0 -L processing_system7_vip_v1_0_23 -L xilinx_vip -prj stepperDriver_vlog.prj"
"xvhdl --incr --relax -prj stepperDriver_vhdl.prj"
INFO: [VRFC 10-163] Analyzing VHDL file "C:/Users/mbracker/Documents/RAPID/RAPID/RAPID/RAPID.srcs/sources_1/new/stepperDriver.vhd" into library xil_defaultlib
INFO: [VRFC 10-3107] analyzing entity 'stepperDriver'
INFO: [USF-XSim-69] 'compile' step finished in '5' seconds
INFO: [USF-XSim-3] XSim::Elaborate design
INFO: [USF-XSim-61] Executing 'ELABORATE' step in 'C:/Users/mbracker/Documents/RAPID/RAPID/RAPID/RAPID.sim/sim_1/behav/xsim'
"xelab --incr --debug typical --relax --mt 2 -L xil_defaultlib -L xilinx_vip -L unisims_ver -L unimacro_ver -L secureip -L xpm --snapshot stepperDriver_behav xil_defaultlib.stepperDriver xil_defaultlib.glbl -log elaborate.log"
Vivado Simulator v2025.1.0
Copyright 1986-2022 Xilinx, Inc. All Rights Reserved.
Copyright 2022-2025 Advanced Micro Devices, Inc. All Rights Reserved.
Running: C:/Xilinx/2025.1/Vivado/bin/unwrapped/win64.o/xelab.exe --incr --debug typical --relax --mt 2 -L xil_defaultlib -L xilinx_vip -L unisims_ver -L unimacro_ver -L secureip -L xpm --snapshot stepperDriver_behav xil_defaultlib.stepperDriver xil_defaultlib.glbl -log elaborate.log 
Using 2 slave threads.
Starting static elaboration
Pass Through NonSizing Optimizer
Completed static elaboration
Starting simulation data flow analysis
Completed simulation data flow analysis
Time Resolution for simulation is 1ps
Compiling package std.standard
Compiling package std.textio
Compiling package ieee.std_logic_1164
Compiling module xil_defaultlib.glbl
Compiling architecture behavioral of entity xil_defaultlib.stepperdriver
Built simulation snapshot stepperDriver_behav
INFO: [USF-XSim-69] 'elaborate' step finished in '3' seconds
INFO: [USF-XSim-4] XSim::Simulate design
INFO: [USF-XSim-61] Executing 'SIMULATE' step in 'C:/Users/mbracker/Documents/RAPID/RAPID/RAPID/RAPID.sim/sim_1/behav/xsim'
INFO: [USF-XSim-98] *** Running xsim
   with args "stepperDriver_behav -key {Behavioral:sim_1:Functional:stepperDriver} -tclbatch {stepperDriver.tcl} -protoinst "protoinst_files/bd_74fb.protoinst" -protoinst "protoinst_files/top.protoinst" -log {simulate.log}"
INFO: [USF-XSim-8] Loading simulator feature
INFO: [Wavedata 42-565] Reading protoinst file protoinst_files/bd_74fb.protoinst
WARNING: [Wavedata 42-558] Couldn't load one or more protocol instances from protoinst file protoinst_files/bd_74fb.protoinst for the following reason(s):
There are no instances of module "bd_74fb" in the design.

INFO: [Wavedata 42-565] Reading protoinst file protoinst_files/top.protoinst
WARNING: [Wavedata 42-558] Couldn't load one or more protocol instances from protoinst file protoinst_files/top.protoinst for the following reason(s):
There are no instances of module "top" in the design.

Time resolution is 1 ps
source stepperDriver.tcl
# set curr_wave [current_wave_config]
# if { [string length $curr_wave] == 0 } {
#   if { [llength [get_objects]] > 0} {
#     add_wave /
#     set_property needs_save false [current_wave_config]
#   } else {
#      send_msg_id Add_Wave-1 WARNING "No top level signals found. Simulator will start without a wave window. If you want to open a wave window go to 'File->New Waveform Configuration' or type 'create_wave_config' in the TCL console."
#   }
# }
# run 1000ns
INFO: [USF-XSim-96] XSim completed. Design snapshot 'stepperDriver_behav' loaded.
INFO: [USF-XSim-97] XSim simulation ran for 1000ns
launch_simulation: Time (s): cpu = 00:00:01 ; elapsed = 00:00:12 . Memory (MB): peak = 3556.656 ; gain = 0.000
restart
INFO: [Wavedata 42-604] Simulation restarted
add_force {/stepperDriver/clk} -radix bin {1 0ns} {0 4000ps} -repeat_every 8000ps
force18
add_force {/stepperDriver/dir} -radix bin {1 0ns}
force19
add_force {/stepperDriver/en} -radix bin {1 0ns}
force20
add_force {/stepperDriver/prox_in} -radix bin {1 0ns}
force21
add_force {/stepperDriver/zero_req} -radix bin {0 0ns}
force22
run 10 ms
close_sim
INFO: [Simtcl 6-16] Simulation closed
WARNING: [filemgmt 56-199] Attempt to get parsing info during refresh. "On-the-fly" syntax checking information may be incorrect. [C:\Users\mbracker\Documents\RAPID\RAPID\RAPID\RAPID.srcs\sources_1\new\stepperDriver.vhd:]
WARNING: [filemgmt 56-199] Attempt to get parsing info during refresh. "On-the-fly" syntax checking information may be incorrect. [C:\Users\mbracker\Documents\RAPID\RAPID\RAPID\RAPID.srcs\sources_1\new\spindle.vhd:]
WARNING: [filemgmt 56-199] Attempt to get parsing info during refresh. "On-the-fly" syntax checking information may be incorrect. [C:\Users\mbracker\Documents\RAPID\RAPID\RAPID\RAPID.srcs\sources_1\new\stepperDriver.vhd:]
WARNING: [filemgmt 56-199] Attempt to get parsing info during refresh. "On-the-fly" syntax checking information may be incorrect. [C:\Users\mbracker\Documents\RAPID\RAPID\RAPID\RAPID.srcs\sources_1\new\stepperDriver.vhd:]
WARNING: [filemgmt 56-199] Attempt to get parsing info during refresh. "On-the-fly" syntax checking information may be incorrect. [C:\Users\mbracker\Documents\RAPID\RAPID\RAPID\RAPID.srcs\sources_1\new\stepperDriver.vhd:]
WARNING: [filemgmt 56-199] Attempt to get parsing info during refresh. "On-the-fly" syntax checking information may be incorrect. [C:\Users\mbracker\Documents\RAPID\RAPID\RAPID\RAPID.srcs\sources_1\new\spindle.vhd:]
WARNING: [filemgmt 56-199] Attempt to get parsing info during refresh. "On-the-fly" syntax checking information may be incorrect. [C:\Users\mbracker\Documents\RAPID\RAPID\RAPID\RAPID.srcs\sources_1\new\stepperDriver.vhd:]
WARNING: [filemgmt 56-199] Attempt to get parsing info during refresh. "On-the-fly" syntax checking information may be incorrect. [C:\Users\mbracker\Documents\RAPID\RAPID\RAPID\RAPID.srcs\sources_1\new\stepperDriver.vhd:]
ERROR: [Common 17-180] Spawn failed: The operation completed successfully.

WARNING: [filemgmt 56-199] Attempt to get parsing info during refresh. "On-the-fly" syntax checking information may be incorrect. [C:\Users\mbracker\Documents\RAPID\RAPID\RAPID\RAPID.srcs\sources_1\new\stepperDriver.vhd:]
WARNING: [filemgmt 56-199] Attempt to get parsing info during refresh. "On-the-fly" syntax checking information may be incorrect. [C:\Users\mbracker\Documents\RAPID\RAPID\RAPID\RAPID.srcs\sources_1\new\spindle.vhd:]
WARNING: [filemgmt 56-199] Attempt to get parsing info during refresh. "On-the-fly" syntax checking information may be incorrect. [C:\Users\mbracker\Documents\RAPID\RAPID\RAPID\RAPID.srcs\sources_1\new\spindle.vhd:]
WARNING: [filemgmt 56-199] Attempt to get parsing info during refresh. "On-the-fly" syntax checking information may be incorrect. [C:\Users\mbracker\Documents\RAPID\RAPID\RAPID\RAPID.srcs\sources_1\new\spindle.vhd:]
ERROR: [Common 17-180] Spawn failed: The operation completed successfully.

WARNING: [filemgmt 56-199] Attempt to get parsing info during refresh. "On-the-fly" syntax checking information may be incorrect. [C:\Users\mbracker\Documents\RAPID\RAPID\RAPID\RAPID.srcs\sources_1\new\stepperDriver.vhd:]
WARNING: [filemgmt 56-199] Attempt to get parsing info during refresh. "On-the-fly" syntax checking information may be incorrect. [C:\Users\mbracker\Documents\RAPID\RAPID\RAPID\RAPID.srcs\sources_1\new\spindle.vhd:]
WARNING: [filemgmt 56-199] Attempt to get parsing info during refresh. "On-the-fly" syntax checking information may be incorrect. [C:\Users\mbracker\Documents\RAPID\RAPID\RAPID\RAPID.srcs\sources_1\new\stepperDriver.vhd:]
WARNING: [filemgmt 56-199] Attempt to get parsing info during refresh. "On-the-fly" syntax checking information may be incorrect. [C:\Users\mbracker\Documents\RAPID\RAPID\RAPID\RAPID.srcs\sources_1\new\stepperDriver.vhd:]
ERROR: [Common 17-180] Spawn failed: The operation completed successfully.

report_ip_status -name ip_status 
update_module_reference [get_ips  top_stepperDriver_0_0]
CRITICAL WARNING: [IP_Flow 19-4635] Port 'num_steps': VHDL port type 'integer' is not supported in this release.
INFO: [IP_Flow 19-5107] Inferred bus interface 'clk' of definition 'xilinx.com:signal:clock:1.0' (from Xilinx Repository).
WARNING: [IP_Flow 19-5661] Bus Interface 'clk' does not have any bus interfaces associated with it.
WARNING: [IP_Flow 19-11770] Clock interface 'clk' has no FREQ_HZ parameter.
CRITICAL WARNING: [IP_Flow 19-4635] Port 'num_steps': VHDL port type 'integer' is not supported in this release.
INFO: [IP_Flow 19-5107] Inferred bus interface 'clk' of definition 'xilinx.com:signal:clock:1.0' (from Xilinx Repository).
WARNING: [IP_Flow 19-5661] Bus Interface 'clk' does not have any bus interfaces associated with it.
WARNING: [IP_Flow 19-11770] Clock interface 'clk' has no FREQ_HZ parameter.
Reading block design file <C:/Users/mbracker/Documents/RAPID/RAPID/RAPID/RAPID.srcs/sources_1/bd/top/top.bd>...
Adding component instance block -- xilinx.com:ip:processing_system7:5.5 - processing_system7_0
Adding component instance block -- xilinx.com:module_ref:Spindle:1.0 - Spindle_0
Adding component instance block -- xilinx.com:module_ref:stepperDriver:1.0 - stepperDriver_0
Adding component instance block -- xilinx.com:ip:axi_gpio:2.0 - axi_gpio_0
Adding component instance block -- xilinx.com:ip:xlslice:1.0 - xlslice_0
Adding component instance block -- xilinx.com:ip:xlslice:1.0 - xlslice_1
Adding component instance block -- xilinx.com:ip:xlslice:1.0 - xlslice_2
Adding component instance block -- xilinx.com:ip:xlslice:1.0 - xlslice_3
Adding component instance block -- xilinx.com:ip:xlslice:1.0 - xlslice_4
Adding component instance block -- xilinx.com:ip:xlslice:1.0 - xlslice_5
Adding component instance block -- xilinx.com:ip:proc_sys_reset:5.0 - rst_ps7_0_100M
Adding component instance block -- xilinx.com:ip:smartconnect:1.0 - axi_smc
Successfully read diagram <top> from block design file <C:/Users/mbracker/Documents/RAPID/RAPID/RAPID/RAPID.srcs/sources_1/bd/top/top.bd>
Upgrading 'C:/Users/mbracker/Documents/RAPID/RAPID/RAPID/RAPID.srcs/sources_1/bd/top/top.bd'
INFO: [IP_Flow 19-3420] Updated top_stepperDriver_0_0 to use current project options
WARNING: [IP_Flow 19-4700] Upgrade has removed port 'phA1'
WARNING: [IP_Flow 19-4700] Upgrade has removed port 'phA2'
WARNING: [IP_Flow 19-4700] Upgrade has removed port 'phB1'
WARNING: [IP_Flow 19-4700] Upgrade has removed port 'phB2'
WARNING: [IP_Flow 19-4700] Upgrade has removed port 'reset'
WARNING: [IP_Flow 19-4698] Upgrade has added port 'M'
WARNING: [IP_Flow 19-4698] Upgrade has added port 'dir_out'
WARNING: [IP_Flow 19-4698] Upgrade has added port 'en_out'
WARNING: [IP_Flow 19-4698] Upgrade has added port 'num_steps'
WARNING: [IP_Flow 19-4698] Upgrade has added port 'prox_in'
WARNING: [IP_Flow 19-4698] Upgrade has added port 'pwm_out_step'
WARNING: [IP_Flow 19-4698] Upgrade has added port 'step_go'
WARNING: [IP_Flow 19-4698] Upgrade has added port 'zero_req'
WARNING: [IP_Flow 19-3298] Detected external port differences while upgrading 'top_stepperDriver_0_0'. These changes may impact your design.
CRITICAL WARNING: [BD 41-1167] The pin 'phA1' is not found on the upgraded version of the cell '/stepperDriver_0'. Its connection to the net 'stepperDriver_0_phA1' has been removed.
CRITICAL WARNING: [BD 41-1167] The pin 'phB1' is not found on the upgraded version of the cell '/stepperDriver_0'. Its connection to the net 'stepperDriver_0_phB1' has been removed.
CRITICAL WARNING: [BD 41-1167] The pin 'phA2' is not found on the upgraded version of the cell '/stepperDriver_0'. Its connection to the net 'stepperDriver_0_phA2' has been removed.
CRITICAL WARNING: [BD 41-1167] The pin 'phB2' is not found on the upgraded version of the cell '/stepperDriver_0'. Its connection to the net 'stepperDriver_0_phB2' has been removed.
CRITICAL WARNING: [BD 41-1167] The pin 'reset' is not found on the upgraded version of the cell '/stepperDriver_0'. Its connection to the net 'xlslice_5_Dout' has been removed.
CRITICAL WARNING: [Coretcl 2-1280] The upgrade of 'top_stepperDriver_0_0' has identified issues that may require user intervention. Please verify that the instance is correctly configured, and review any upgrade messages.
WARNING: [BD 41-597] NET <stepperDriver_0_phA1> has no source
WARNING: [BD 41-597] NET <stepperDriver_0_phA2> has no source
WARNING: [BD 41-597] NET <stepperDriver_0_phB1> has no source
WARNING: [BD 41-597] NET <stepperDriver_0_phB2> has no source
Wrote  : <C:\Users\mbracker\Documents\RAPID\RAPID\RAPID\RAPID.srcs\sources_1\bd\top\top.bd> 
Wrote  : <C:/Users/mbracker/Documents/RAPID/RAPID/RAPID/RAPID.srcs/sources_1/bd/top/ui/bd_2ae56375.ui> 
generate_target all [get_files  C:/Users/mbracker/Documents/RAPID/RAPID/RAPID/RAPID.srcs/sources_1/bd/top/top.bd]
WARNING: [BD 41-2670] Found an incomplete address path from address space '/processing_system7_0/Data' to master interface '/axi_smc/M02_AXI'. Please either complete or remove this path to resolve.
WARNING: [BD 41-2670] Found an incomplete address path from address space '/processing_system7_0/Data' to master interface '/axi_smc/M01_AXI'. Please either complete or remove this path to resolve.
WARNING: [BD 41-702] Propagation TCL tries to overwrite USER strength parameter PCW_M_AXI_GP0_FREQMHZ(10) on '/processing_system7_0' with propagated value(125.0). Command ignored
INFO: [BD 5-943] Reserving offset range <0x4120_0000 [ 64K ]> from slave interface '/axi_smc/S00_AXI' to master interface '/axi_smc/M00_AXI'. This will be used by smartconnect on path for routing.
INFO: [xilinx.com:ip:smartconnect:1.0-1] top_axi_smc_1: SmartConnect top_axi_smc_1 is in Low-Area Mode.
CRITICAL WARNING: [BD 41-759] The input pins (listed below) are either not connected or do not have a source port, and they don't have a tie-off specified. These pins are tied-off to all 0's to avoid error in Implementation flow.
Please check your design and connect them as needed: 
/stepperDriver_0/prox_in
/stepperDriver_0/zero_req
/stepperDriver_0/num_steps
/stepperDriver_0/step_go

WARNING: [BD 41-597] NET <stepperDriver_0_phA1> has no source
WARNING: [BD 41-597] NET <stepperDriver_0_phA2> has no source
WARNING: [BD 41-597] NET <stepperDriver_0_phB1> has no source
WARNING: [BD 41-597] NET <stepperDriver_0_phB2> has no source
Wrote  : <C:\Users\mbracker\Documents\RAPID\RAPID\RAPID\RAPID.srcs\sources_1\bd\top\top.bd> 
WARNING: [BD 41-166] Source port for the net:stepperDriver_0_phA1 is NULL! Connection will be grounded!
WARNING: [BD 41-166] Source port for the net:stepperDriver_0_phA2 is NULL! Connection will be grounded!
WARNING: [BD 41-166] Source port for the net:stepperDriver_0_phB1 is NULL! Connection will be grounded!
WARNING: [BD 41-166] Source port for the net:stepperDriver_0_phB2 is NULL! Connection will be grounded!
VHDL Output written to : c:/Users/mbracker/Documents/RAPID/RAPID/RAPID/RAPID.gen/sources_1/bd/top/synth/top.vhd
WARNING: [BD 41-166] Source port for the net:stepperDriver_0_phA1 is NULL! Connection will be grounded!
WARNING: [BD 41-166] Source port for the net:stepperDriver_0_phA2 is NULL! Connection will be grounded!
WARNING: [BD 41-166] Source port for the net:stepperDriver_0_phB1 is NULL! Connection will be grounded!
WARNING: [BD 41-166] Source port for the net:stepperDriver_0_phB2 is NULL! Connection will be grounded!
VHDL Output written to : c:/Users/mbracker/Documents/RAPID/RAPID/RAPID/RAPID.gen/sources_1/bd/top/sim/top.vhd
VHDL Output written to : c:/Users/mbracker/Documents/RAPID/RAPID/RAPID/RAPID.gen/sources_1/bd/top/hdl/top_wrapper.vhd
WARNING: [IP_Flow 19-5160] IP 'top_processing_system7_0_0' detected simulation language mismatch. Simulation type 'rtl' does not support 'VHDL' outputs (see project's "simulator_language" property), delivering 'Any Language' outputs instead.
WARNING: [IP_Flow 19-5160] IP 'top_processing_system7_0_0' detected simulation language mismatch. Simulation type 'tlm_dpi' does not support 'VHDL' outputs (see project's "simulator_language" property), delivering 'Any Language' outputs instead.
INFO: [IP_Flow 19-5611] Unable to find an associated reset port for the interface 'M_AXI_GP0'. A default connection has been created.
INFO: [BD 41-1029] Generation completed for the IP Integrator block processing_system7_0 .
INFO: [BD 41-1029] Generation completed for the IP Integrator block stepperDriver_0 .
INFO: [BD 41-1982] Skipping generation for the cell xlslice_0, which is locked by user.
INFO: [BD 41-1982] Skipping generation for the cell xlslice_1, which is locked by user.
INFO: [BD 41-1982] Skipping generation for the cell xlslice_2, which is locked by user.
INFO: [BD 41-1982] Skipping generation for the cell xlslice_3, which is locked by user.
INFO: [BD 41-1982] Skipping generation for the cell xlslice_4, which is locked by user.
INFO: [BD 41-1982] Skipping generation for the cell xlslice_5, which is locked by user.
INFO: [BD 41-1029] Generation completed for the IP Integrator block rst_ps7_0_100M .
WARNING: [IP_Flow 19-5160] IP 'top_axi_smc_1' detected simulation language mismatch. Simulation type 'rtl' does not support 'VHDL' outputs (see project's "simulator_language" property), delivering 'Verilog' outputs instead.
WARNING: [IP_Flow 19-5160] IP 'bd_74fb_one_0' detected simulation language mismatch. Simulation type 'rtl' does not support 'VHDL' outputs (see project's "simulator_language" property), delivering 'Verilog' outputs instead.
Exporting to file c:/Users/mbracker/Documents/RAPID/RAPID/RAPID/RAPID.gen/sources_1/bd/top/ip/top_axi_smc_1/bd_0/hw_handoff/top_axi_smc_1.hwh
Generated Hardware Definition File c:/Users/mbracker/Documents/RAPID/RAPID/RAPID/RAPID.gen/sources_1/bd/top/ip/top_axi_smc_1/bd_0/synth/top_axi_smc_1.hwdef
INFO: [BD 41-1029] Generation completed for the IP Integrator block axi_smc .
Exporting to file c:/Users/mbracker/Documents/RAPID/RAPID/RAPID/RAPID.gen/sources_1/bd/top/hw_handoff/top.hwh
Generated Hardware Definition File c:/Users/mbracker/Documents/RAPID/RAPID/RAPID/RAPID.gen/sources_1/bd/top/synth/top.hwdef
generate_target: Time (s): cpu = 00:00:03 ; elapsed = 00:00:10 . Memory (MB): peak = 3556.656 ; gain = 0.000
catch { config_ip_cache -export [get_ips -all top_rst_ps7_0_100M_1] }
catch { config_ip_cache -export [get_ips -all top_axi_smc_1] }
export_ip_user_files -of_objects [get_files C:/Users/mbracker/Documents/RAPID/RAPID/RAPID/RAPID.srcs/sources_1/bd/top/top.bd] -no_script -sync -force -quiet
create_ip_run [get_files -of_objects [get_fileset sources_1] C:/Users/mbracker/Documents/RAPID/RAPID/RAPID/RAPID.srcs/sources_1/bd/top/top.bd]
launch_runs top_axi_smc_1_synth_1 top_rst_ps7_0_100M_1_synth_1 top_stepperDriver_0_0_synth_1 -jobs 24
[Tue Feb 17 18:19:01 2026] Launched top_axi_smc_1_synth_1, top_rst_ps7_0_100M_1_synth_1, top_stepperDriver_0_0_synth_1...
Run output will be captured here:
top_axi_smc_1_synth_1: C:/Users/mbracker/Documents/RAPID/RAPID/RAPID/RAPID.runs/top_axi_smc_1_synth_1/runme.log
top_rst_ps7_0_100M_1_synth_1: C:/Users/mbracker/Documents/RAPID/RAPID/RAPID/RAPID.runs/top_rst_ps7_0_100M_1_synth_1/runme.log
top_stepperDriver_0_0_synth_1: C:/Users/mbracker/Documents/RAPID/RAPID/RAPID/RAPID.runs/top_stepperDriver_0_0_synth_1/runme.log
export_simulation -lib_map_path [list {modelsim=C:/Users/mbracker/Documents/RAPID/RAPID/RAPID/RAPID.cache/compile_simlib/modelsim} {questa=C:/Users/mbracker/Documents/RAPID/RAPID/RAPID/RAPID.cache/compile_simlib/questa} {riviera=C:/Users/mbracker/Documents/RAPID/RAPID/RAPID/RAPID.cache/compile_simlib/riviera} {activehdl=C:/Users/mbracker/Documents/RAPID/RAPID/RAPID/RAPID.cache/compile_simlib/activehdl}] -of_objects [get_files C:/Users/mbracker/Documents/RAPID/RAPID/RAPID/RAPID.srcs/sources_1/bd/top/top.bd] -directory C:/Users/mbracker/Documents/RAPID/RAPID/RAPID/RAPID.ip_user_files/sim_scripts -ip_user_files_dir C:/Users/mbracker/Documents/RAPID/RAPID/RAPID/RAPID.ip_user_files -ipstatic_source_dir C:/Users/mbracker/Documents/RAPID/RAPID/RAPID/RAPID.ip_user_files/ipstatic -use_ip_compiled_libs -force -quiet
WARNING: [filemgmt 56-199] Attempt to get parsing info during refresh. "On-the-fly" syntax checking information may be incorrect. [C:\Users\mbracker\Documents\RAPID\RAPID\RAPID\RAPID.srcs\sources_1\new\stepperDriver.vhd:]
WARNING: [filemgmt 56-199] Attempt to get parsing info during refresh. "On-the-fly" syntax checking information may be incorrect. [C:\Users\mbracker\Documents\RAPID\RAPID\RAPID\RAPID.srcs\sources_1\new\spindle.vhd:]
WARNING: [filemgmt 56-199] Attempt to get parsing info during refresh. "On-the-fly" syntax checking information may be incorrect. [C:\Users\mbracker\Documents\RAPID\RAPID\RAPID\RAPID.srcs\sources_1\new\stepperDriver.vhd:]
WARNING: [filemgmt 56-199] Attempt to get parsing info during refresh. "On-the-fly" syntax checking information may be incorrect. [C:\Users\mbracker\Documents\RAPID\RAPID\RAPID\RAPID.srcs\sources_1\new\stepperDriver.vhd:]
ERROR: [Common 17-180] Spawn failed: The operation completed successfully.

startgroup
make_bd_pins_external  [get_bd_pins stepperDriver_0/prox_in]
endgroup
delete_bd_objs [get_bd_nets stepperDriver_0_phA1] [get_bd_ports phA1]
delete_bd_objs [get_bd_nets stepperDriver_0_phB1]
delete_bd_objs [get_bd_nets stepperDriver_0_phA2]
delete_bd_objs [get_bd_ports phA2]
delete_bd_objs [get_bd_ports phB1]
delete_bd_objs [get_bd_nets stepperDriver_0_phB2] [get_bd_ports phB2]
startgroup
make_bd_pins_external  [get_bd_pins stepperDriver_0/dir_out]
endgroup
startgroup
make_bd_pins_external  [get_bd_pins stepperDriver_0/pwm_out_step]
endgroup
startgroup
make_bd_pins_external  [get_bd_pins stepperDriver_0/en_out]
endgroup
startgroup
make_bd_pins_external  [get_bd_pins stepperDriver_0/M]
endgroup
save_bd_design
Wrote  : <C:\Users\mbracker\Documents\RAPID\RAPID\RAPID\RAPID.srcs\sources_1\bd\top\top.bd> 
Wrote  : <C:/Users/mbracker/Documents/RAPID/RAPID/RAPID/RAPID.srcs/sources_1/bd/top/ui/bd_2ae56375.ui> 
exit
INFO: [Common 17-206] Exiting Vivado at Tue Feb 17 18:22:34 2026...
